[coderthemes.com/ubold/layouts/creative/dashboard-2.html]
[backblue.gif]
[fade.gif]
[index.html]
[coderthemes.com/ubold/layouts/creative/assets/images/favicon.ico]
[coderthemes.com/ubold/layouts/creative/assets/libs/admin-resources/jquery.vectormap/jquery-jvectormap-1.2.2.css]
[coderthemes.com/ubold/layouts/creative/assets/css/bootstrap.min.css]
[coderthemes.com/ubold/layouts/creative/assets/css/app.min.css]
[coderthemes.com/ubold/layouts/creative/assets/js/head.js]
[coderthemes.com/ubold/layouts/creative/assets/css/icons.min.css]
[coderthemes.com/ubold/layouts/creative/assets/images/users/user-2.jpg]
[coderthemes.com/ubold/layouts/creative/assets/images/users/user-5.jpg]
[coderthemes.com/ubold/layouts/creative/assets/images/brands/slack.png]
[coderthemes.com/ubold/layouts/creative/assets/images/brands/github.png]
[coderthemes.com/ubold/layouts/creative/assets/images/brands/dribbble.png]
[coderthemes.com/ubold/layouts/creative/assets/images/brands/bitbucket.png]
[coderthemes.com/ubold/layouts/creative/assets/images/brands/dropbox.png]
[coderthemes.com/ubold/layouts/creative/assets/images/brands/g-suite.png]
[coderthemes.com/ubold/layouts/creative/assets/images/flags/us.jpg]
[coderthemes.com/ubold/layouts/creative/assets/images/flags/germany.jpg]
[coderthemes.com/ubold/layouts/creative/assets/images/flags/italy.jpg]
[coderthemes.com/ubold/layouts/creative/assets/images/flags/spain.jpg]
[coderthemes.com/ubold/layouts/creative/assets/images/flags/russia.jpg]
[coderthemes.com/ubold/layouts/creative/assets/images/users/user-1.jpg]
[coderthemes.com/ubold/layouts/creative/assets/images/users/user-4.jpg]
[coderthemes.com/ubold/layouts/creative/index.html]
[coderthemes.com/ubold/layouts/creative/assets/images/logo-sm.png]
[coderthemes.com/ubold/layouts/creative/assets/images/logo-dark.png]
[coderthemes.com/ubold/layouts/creative/assets/images/logo-light.png]
[coderthemes.com/ubold/layouts/creative/dashboard-3.html]
[coderthemes.com/ubold/layouts/creative/dashboard-4.html]
[coderthemes.com/ubold/layouts/creative/apps-calendar.html]
[coderthemes.com/ubold/layouts/creative/apps-chat.html]
[coderthemes.com/ubold/layouts/creative/ecommerce-dashboard.html]
[coderthemes.com/ubold/layouts/creative/ecommerce-products.html]
[coderthemes.com/ubold/layouts/creative/ecommerce-product-detail.html]
[coderthemes.com/ubold/layouts/creative/ecommerce-product-edit.html]
[coderthemes.com/ubold/layouts/creative/ecommerce-customers.html]
[coderthemes.com/ubold/layouts/creative/ecommerce-orders.html]
[coderthemes.com/ubold/layouts/creative/ecommerce-order-detail.html]
[coderthemes.com/ubold/layouts/creative/ecommerce-sellers.html]
[coderthemes.com/ubold/layouts/creative/ecommerce-cart.html]
[coderthemes.com/ubold/layouts/creative/ecommerce-checkout.html]
[coderthemes.com/ubold/layouts/creative/email-inbox.html]
[coderthemes.com/ubold/layouts/creative/email-read.html]
[coderthemes.com/ubold/layouts/creative/email-compose.html]
[coderthemes.com/ubold/layouts/creative/email-templates.html]
[coderthemes.com/ubold/layouts/creative/crm-dashboard.html]
[coderthemes.com/ubold/layouts/creative/crm-contacts.html]
[coderthemes.com/ubold/layouts/creative/crm-opportunities.html]
[coderthemes.com/ubold/layouts/creative/crm-leads.html]
[coderthemes.com/ubold/layouts/creative/crm-customers.html]
[coderthemes.com/ubold/layouts/creative/apps-social-feed.html]
[coderthemes.com/ubold/layouts/creative/apps-companies.html]
[coderthemes.com/ubold/layouts/creative/project-list.html]
[coderthemes.com/ubold/layouts/creative/project-detail.html]
[coderthemes.com/ubold/layouts/creative/project-create.html]
[coderthemes.com/ubold/layouts/creative/task-list.html]
[coderthemes.com/ubold/layouts/creative/task-details.html]
[coderthemes.com/ubold/layouts/creative/task-kanban-board.html]
[coderthemes.com/ubold/layouts/creative/contacts-list.html]
[coderthemes.com/ubold/layouts/creative/contacts-profile.html]
[coderthemes.com/ubold/layouts/creative/tickets-list.html]
[coderthemes.com/ubold/layouts/creative/tickets-detail.html]
[coderthemes.com/ubold/layouts/creative/apps-file-manager.html]
[coderthemes.com/ubold/layouts/creative/ui-buttons.html]
[coderthemes.com/ubold/layouts/creative/ui-cards.html]
[coderthemes.com/ubold/layouts/creative/ui-avatars.html]
[coderthemes.com/ubold/layouts/creative/ui-portlets.html]
[coderthemes.com/ubold/layouts/creative/ui-tabs-accordions.html]
[coderthemes.com/ubold/layouts/creative/ui-modals.html]
[coderthemes.com/ubold/layouts/creative/ui-progress.html]
[coderthemes.com/ubold/layouts/creative/ui-notifications.html]
[coderthemes.com/ubold/layouts/creative/ui-placeholders.html]
[coderthemes.com/ubold/layouts/creative/ui-offcanvas.html]
[coderthemes.com/ubold/layouts/creative/ui-spinners.html]
[coderthemes.com/ubold/layouts/creative/ui-images.html]
[coderthemes.com/ubold/layouts/creative/ui-carousel.html]
[coderthemes.com/ubold/layouts/creative/ui-list-group.html]
[coderthemes.com/ubold/layouts/creative/ui-video.html]
[coderthemes.com/ubold/layouts/creative/ui-dropdowns.html]
[coderthemes.com/ubold/layouts/creative/ui-ribbons.html]
[coderthemes.com/ubold/layouts/creative/ui-tooltips-popovers.html]
[coderthemes.com/ubold/layouts/creative/ui-general.html]
[coderthemes.com/ubold/layouts/creative/ui-typography.html]
[coderthemes.com/ubold/layouts/creative/ui-grid.html]
[coderthemes.com/ubold/layouts/creative/extended-nestable.html]
[coderthemes.com/ubold/layouts/creative/extended-range-slider.html]
[coderthemes.com/ubold/layouts/creative/extended-dragula.html]
[coderthemes.com/ubold/layouts/creative/extended-animation.html]
[coderthemes.com/ubold/layouts/creative/extended-sweet-alert.html]
[coderthemes.com/ubold/layouts/creative/extended-tour.html]
[coderthemes.com/ubold/layouts/creative/extended-scrollspy.html]
[coderthemes.com/ubold/layouts/creative/extended-loading-buttons.html]
[coderthemes.com/ubold/layouts/creative/widgets.html]
[coderthemes.com/ubold/layouts/creative/forms-elements.html]
[coderthemes.com/ubold/layouts/creative/forms-advanced.html]
[coderthemes.com/ubold/layouts/creative/forms-validation.html]
[coderthemes.com/ubold/layouts/creative/forms-pickers.html]
[coderthemes.com/ubold/layouts/creative/forms-wizard.html]
[coderthemes.com/ubold/layouts/creative/forms-masks.html]
[coderthemes.com/ubold/layouts/creative/forms-quilljs.html]
[coderthemes.com/ubold/layouts/creative/forms-file-uploads.html]
[coderthemes.com/ubold/layouts/creative/forms-x-editable.html]
[coderthemes.com/ubold/layouts/creative/forms-image-crop.html]
[coderthemes.com/ubold/layouts/creative/charts-apex.html]
[coderthemes.com/ubold/layouts/creative/charts-flot.html]
[coderthemes.com/ubold/layouts/creative/charts-morris.html]
[coderthemes.com/ubold/layouts/creative/charts-chartjs.html]
[coderthemes.com/ubold/layouts/creative/charts-peity.html]
[coderthemes.com/ubold/layouts/creative/charts-chartist.html]
[coderthemes.com/ubold/layouts/creative/charts-c3.html]
[coderthemes.com/ubold/layouts/creative/charts-sparklines.html]
[coderthemes.com/ubold/layouts/creative/charts-knob.html]
[coderthemes.com/ubold/layouts/creative/tables-basic.html]
[coderthemes.com/ubold/layouts/creative/tables-datatables.html]
[coderthemes.com/ubold/layouts/creative/tables-editable.html]
[coderthemes.com/ubold/layouts/creative/tables-responsive.html]
[coderthemes.com/ubold/layouts/creative/tables-footables.html]
[coderthemes.com/ubold/layouts/creative/tables-bootstrap.html]
[coderthemes.com/ubold/layouts/creative/tables-tablesaw.html]
[coderthemes.com/ubold/layouts/creative/tables-jsgrid.html]
[coderthemes.com/ubold/layouts/creative/icons-material-symbols.html]
[coderthemes.com/ubold/layouts/creative/icons-two-tone.html]
[coderthemes.com/ubold/layouts/creative/icons-feather.html]
[coderthemes.com/ubold/layouts/creative/icons-mdi.html]
[coderthemes.com/ubold/layouts/creative/icons-dripicons.html]
[coderthemes.com/ubold/layouts/creative/icons-font-awesome.html]
[coderthemes.com/ubold/layouts/creative/icons-themify.html]
[coderthemes.com/ubold/layouts/creative/icons-simple-line.html]
[coderthemes.com/ubold/layouts/creative/icons-weather.html]
[coderthemes.com/ubold/layouts/creative/maps-google.html]
[coderthemes.com/ubold/layouts/creative/maps-vector.html]
[coderthemes.com/ubold/layouts/creative/maps-mapael.html]
[coderthemes.com/ubold/layouts/creative/auth-login.html]
[coderthemes.com/ubold/layouts/creative/auth-register.html]
[coderthemes.com/ubold/layouts/creative/auth-signin-signup.html]
[coderthemes.com/ubold/layouts/creative/auth-recoverpw.html]
[coderthemes.com/ubold/layouts/creative/auth-lock-screen.html]
[coderthemes.com/ubold/layouts/creative/auth-logout.html]
[coderthemes.com/ubold/layouts/creative/auth-confirm-mail.html]
[coderthemes.com/ubold/layouts/creative/auth-login-2.html]
[coderthemes.com/ubold/layouts/creative/auth-register-2.html]
[coderthemes.com/ubold/layouts/creative/auth-signin-signup-2.html]
[coderthemes.com/ubold/layouts/creative/auth-recoverpw-2.html]
[coderthemes.com/ubold/layouts/creative/auth-lock-screen-2.html]
[coderthemes.com/ubold/layouts/creative/auth-logout-2.html]
[coderthemes.com/ubold/layouts/creative/auth-confirm-mail-2.html]
[coderthemes.com/ubold/layouts/creative/pages-404.html]
[coderthemes.com/ubold/layouts/creative/pages-404-two.html]
[coderthemes.com/ubold/layouts/creative/pages-404-alt.html]
[coderthemes.com/ubold/layouts/creative/pages-500.html]
[coderthemes.com/ubold/layouts/creative/pages-500-two.html]
[coderthemes.com/ubold/layouts/creative/pages-starter.html]
[coderthemes.com/ubold/layouts/creative/pages-timeline.html]
[coderthemes.com/ubold/layouts/creative/pages-sitemap.html]
[coderthemes.com/ubold/layouts/creative/pages-invoice.html]
[coderthemes.com/ubold/layouts/creative/pages-faqs.html]
[coderthemes.com/ubold/layouts/creative/pages-search-results.html]
[coderthemes.com/ubold/layouts/creative/pages-pricing.html]
[coderthemes.com/ubold/layouts/creative/pages-maintenance.html]
[coderthemes.com/ubold/layouts/creative/pages-coming-soon.html]
[coderthemes.com/ubold/layouts/creative/pages-gallery.html]
[coderthemes.com/ubold/layouts/creative/layouts-vertical.html]
[coderthemes.com/ubold/layouts/creative/layouts-detached.html]
[coderthemes.com/ubold/layouts/creative/layouts-two-column.html]
[coderthemes.com/ubold/layouts/creative/layouts-two-tone-icons.html]
[coderthemes.com/ubold/layouts/creative/layouts-preloader.html]
[coderthemes.com/ubold/layouts/creative/assets/images/users/user-10.jpg]
[coderthemes.com/ubold/layouts/creative/assets/images/users/user-9.jpg]
[coderthemes.com/ubold/layouts/creative/assets/images/users/user-6.jpg]
[coderthemes.com/ubold/layouts/creative/assets/images/users/user-7.jpg]
[coderthemes.com/ubold/layouts/creative/assets/images/users/user-8.jpg]
[coderthemes.com/ubold/layouts/creative/assets/libs/jquery-sparkline/jquery.sparkline.min.js]
[coderthemes.com/ubold/layouts/creative/assets/libs/admin-resources/jquery.vectormap/jquery-jvectormap-1.2.2.min.js]
[coderthemes.com/ubold/layouts/creative/assets/js/vendor.min.js]
[coderthemes.com/ubold/layouts/creative/assets/js/pages/dashboard-2.init.js]
[coderthemes.com/ubold/layouts/creative/assets/js/app.min.js]
[coderthemes.com/ubold/layouts/creative/dashboard-2.html]
[coderthemes.com/ubold/layouts/creative/assets/libs/admin-resources/jquery.vectormap/jquery-jvectormap-1.2.2.css]
[coderthemes.com/ubold/layouts/creative/assets/css/bootstrap.min.css]
[coderthemes.com/ubold/layouts/creative/assets/css/app.min.css]
[coderthemes.com/ubold/layouts/creative/assets/libs/admin-resources/jquery.vectormap/maps/jquery-jvectormap-world-mill-en.js]
[coderthemes.com/ubold/layouts/creative/assets/fonts/fa-brands-400.eot]
[coderthemes.com/ubold/layouts/creative/assets/fonts/fa-brands-400d41d.eot]
[coderthemes.com/ubold/layouts/creative/assets/fonts/fa-brands-400.woff2]
[coderthemes.com/ubold/layouts/creative/assets/fonts/fa-brands-400.woff]
[coderthemes.com/ubold/layouts/creative/assets/fonts/fa-brands-400.ttf]
[coderthemes.com/ubold/layouts/creative/assets/fonts/fa-regular-400.eot]
[coderthemes.com/ubold/layouts/creative/assets/fonts/fa-regular-400d41d.eot]
[coderthemes.com/ubold/layouts/creative/assets/fonts/fa-regular-400.woff2]
[coderthemes.com/ubold/layouts/creative/assets/fonts/fa-regular-400.woff]
[coderthemes.com/ubold/layouts/creative/assets/fonts/fa-regular-400.ttf]
[coderthemes.com/ubold/layouts/creative/assets/fonts/fa-solid-900.eot]
[coderthemes.com/ubold/layouts/creative/assets/fonts/fa-solid-900d41d.eot]
[coderthemes.com/ubold/layouts/creative/assets/fonts/fa-solid-900.woff2]
[coderthemes.com/ubold/layouts/creative/assets/fonts/fa-solid-900.woff]
[coderthemes.com/ubold/layouts/creative/assets/fonts/fa-solid-900.ttf]
[coderthemes.com/ubold/layouts/creative/assets/fonts/simple-Line-Icons4c82.eot]
[coderthemes.com/ubold/layouts/creative/assets/fonts/simple-Line-Iconsd41d.eot]
[coderthemes.com/ubold/layouts/creative/assets/fonts/simple-Line-Icons4c82.ttf]
[coderthemes.com/ubold/layouts/creative/assets/fonts/simple-Line-Icons4c82.woff2]
[coderthemes.com/ubold/layouts/creative/assets/fonts/simple-Line-Icons4c82.woff]
[coderthemes.com/ubold/layouts/creative/assets/fonts/weathericons-regular-webfont.eot]
[coderthemes.com/ubold/layouts/creative/assets/fonts/weathericons-regular-webfontd41d.eot]
[coderthemes.com/ubold/layouts/creative/assets/fonts/weathericons-regular-webfont.woff2]
[coderthemes.com/ubold/layouts/creative/assets/fonts/weathericons-regular-webfont.woff]
[coderthemes.com/ubold/layouts/creative/assets/fonts/weathericons-regular-webfont.ttf]
[coderthemes.com/ubold/layouts/creative/assets/fonts/bootstrap-icons44df.woff2]
[coderthemes.com/ubold/layouts/creative/assets/fonts/bootstrap-icons44df.woff]
[coderthemes.com/ubold/layouts/creative/assets/css/icons.min.css]
[coderthemes.com/ubold/layouts/creative/assets/libs/flatpickr/flatpickr.min.css]
[coderthemes.com/ubold/layouts/creative/assets/libs/selectize/css/selectize.bootstrap3.css]
[coderthemes.com/ubold/layouts/creative/assets/images/users/user-3.jpg]
[coderthemes.com/ubold/layouts/creative/assets/libs/flatpickr/flatpickr.min.js]
[coderthemes.com/ubold/layouts/creative/assets/libs/apexcharts/apexcharts.min.js]
[coderthemes.com/ubold/layouts/creative/assets/libs/selectize/js/standalone/selectize.min.js]
[coderthemes.com/ubold/layouts/creative/assets/js/pages/dashboard-1.init.js]
[coderthemes.com/ubold/layouts/creative/index.html]
[coderthemes.com/ubold/layouts/creative/assets/libs/chart.js/Chart.bundle.min.js]
[coderthemes.com/ubold/layouts/creative/assets/libs/moment/min/moment.min.js]
[coderthemes.com/ubold/layouts/creative/assets/libs/jquery.scrollto/jquery.scrollTo.min.js]
[coderthemes.com/ubold/layouts/creative/assets/js/pages/jquery.chat.js]
[coderthemes.com/ubold/layouts/creative/assets/js/pages/jquery.todo.js]
[coderthemes.com/ubold/layouts/creative/assets/js/pages/dashboard-3.init.js]
[coderthemes.com/ubold/layouts/creative/dashboard-3.html]
[coderthemes.com/ubold/layouts/creative/assets/libs/morris.js06/morris.min.js]
[coderthemes.com/ubold/layouts/creative/assets/libs/raphael/raphael.min.js]
[coderthemes.com/ubold/layouts/creative/assets/js/pages/dashboard-4.init.js]
[coderthemes.com/ubold/layouts/creative/dashboard-4.html]
[coderthemes.com/ubold/layouts/creative/assets/libs/fullcalendar/main.min.css]
[coderthemes.com/ubold/layouts/creative/assets/js/pages/calendar.init.js]
[coderthemes.com/ubold/layouts/creative/apps-calendar.html]
[coderthemes.com/ubold/layouts/creative/apps-chat.html]
[coderthemes.com/ubold/layouts/creative/assets/libs/fullcalendar/main.min.js]
[coderthemes.com/ubold/layouts/creative/assets/images/cards/visa.png]
[coderthemes.com/ubold/layouts/creative/assets/images/cards/master.png]
[coderthemes.com/ubold/layouts/creative/assets/images/cards/amazon.png]
[coderthemes.com/ubold/layouts/creative/assets/images/cards/american-express.png]
[coderthemes.com/ubold/layouts/creative/assets/images/cards/discover.png]
[coderthemes.com/ubold/layouts/creative/assets/images/products/product-1.png]
[coderthemes.com/ubold/layouts/creative/assets/images/products/product-2.png]
[coderthemes.com/ubold/layouts/creative/assets/images/products/product-3.png]
[coderthemes.com/ubold/layouts/creative/assets/images/products/product-4.png]
[coderthemes.com/ubold/layouts/creative/assets/images/products/product-5.png]
[coderthemes.com/ubold/layouts/creative/assets/js/pages/ecommerce-dashboard.init.js]
[coderthemes.com/ubold/layouts/creative/ecommerce-dashboard.html]
[coderthemes.com/ubold/layouts/creative/assets/images/products/product-6.png]
[coderthemes.com/ubold/layouts/creative/assets/images/products/product-7.png]
[coderthemes.com/ubold/layouts/creative/assets/images/products/product-8.png]
[coderthemes.com/ubold/layouts/creative/ecommerce-products.html]
[coderthemes.com/ubold/layouts/creative/assets/images/products/product-9.jpg]
[coderthemes.com/ubold/layouts/creative/assets/images/products/product-10.jpg]
[coderthemes.com/ubold/layouts/creative/assets/images/products/product-11.jpg]
[coderthemes.com/ubold/layouts/creative/assets/images/products/product-12.jpg]
[coderthemes.com/ubold/layouts/creative/ecommerce-product-detail.html]
[coderthemes.com/ubold/layouts/creative/assets/libs/select2/css/select2.min.css]
[coderthemes.com/ubold/layouts/creative/assets/libs/dropzone/min/dropzone.min.css]
[coderthemes.com/ubold/layouts/creative/assets/libs/quill/quill.core.css]
[coderthemes.com/ubold/layouts/creative/assets/libs/quill/quill.snow.css]
[coderthemes.com/ubold/layouts/creative/assets/libs/select2/js/select2.min.js]
[coderthemes.com/ubold/layouts/creative/assets/libs/dropzone/min/dropzone.min.js]
[coderthemes.com/ubold/layouts/creative/assets/libs/quill/quill.min.js]
[coderthemes.com/ubold/layouts/creative/assets/js/pages/form-fileuploads.init.js]
[coderthemes.com/ubold/layouts/creative/assets/js/pages/add-product.init.js]
[coderthemes.com/ubold/layouts/creative/ecommerce-product-edit.html]
[coderthemes.com/ubold/layouts/creative/assets/libs/datatables.net-bs5/css/dataTables.bootstrap5.min.css]
[coderthemes.com/ubold/layouts/creative/assets/libs/datatables.net-responsive-bs5/css/responsive.bootstrap5.min.css]
[coderthemes.com/ubold/layouts/creative/assets/libs/datatables.net/js/jquery.dataTables.min.js]
[coderthemes.com/ubold/layouts/creative/assets/libs/datatables.net-bs5/js/dataTables.bootstrap5.min.js]
[coderthemes.com/ubold/layouts/creative/assets/libs/datatables.net-responsive/js/dataTables.responsive.min.js]
[coderthemes.com/ubold/layouts/creative/assets/libs/datatables.net-responsive-bs5/js/responsive.bootstrap5.min.js]
[coderthemes.com/ubold/layouts/creative/assets/libs/jquery-datatables-checkboxes/js/dataTables.checkboxes.min.js]
[coderthemes.com/ubold/layouts/creative/assets/js/pages/customers.init.js]
[coderthemes.com/ubold/layouts/creative/ecommerce-customers.html]
[coderthemes.com/ubold/layouts/creative/ecommerce-orders.html]
[coderthemes.com/ubold/layouts/creative/ecommerce-order-detail.html]
[coderthemes.com/ubold/layouts/creative/ecommerce-sellers.html]
[coderthemes.com/ubold/layouts/creative/ecommerce-cart.html]
[coderthemes.com/ubold/layouts/creative/ecommerce-checkout.html]
[coderthemes.com/ubold/layouts/creative/assets/js/pages/inbox.js]
[coderthemes.com/ubold/layouts/creative/email-inbox.html]
[coderthemes.com/ubold/layouts/creative/email-read.html]
[coderthemes.com/ubold/layouts/creative/email-compose.html]
[coderthemes.com/ubold/layouts/creative/email-templates-action.html]
[coderthemes.com/ubold/layouts/creative/assets/images/email/1.png]
[coderthemes.com/ubold/layouts/creative/email-templates-alert.html]
[coderthemes.com/ubold/layouts/creative/assets/images/email/2.png]
[coderthemes.com/ubold/layouts/creative/email-templates-billing.html]
[coderthemes.com/ubold/layouts/creative/assets/images/email/3.png]
[coderthemes.com/ubold/layouts/creative/email-templates.html]
[apexcharts.com/samples/assets/ohlc.js]
[coderthemes.com/ubold/layouts/creative/assets/js/pages/crm-dashboard.init.js]
[coderthemes.com/ubold/layouts/creative/crm-dashboard.html]
[coderthemes.com/ubold/layouts/creative/crm-contacts.html]
[coderthemes.com/ubold/layouts/creative/assets/images/companies/amazon.png]
[coderthemes.com/ubold/layouts/creative/assets/images/companies/apple.png]
[coderthemes.com/ubold/layouts/creative/assets/images/companies/google.png]
[coderthemes.com/ubold/layouts/creative/assets/images/companies/airbnb.png]
[coderthemes.com/ubold/layouts/creative/assets/images/companies/cisco.png]
[coderthemes.com/ubold/layouts/creative/assets/js/pages/crm-opportunities.init.js]
[coderthemes.com/ubold/layouts/creative/crm-opportunities.html]
[coderthemes.com/ubold/layouts/creative/assets/js/pages/crm-leads.init.js]
[coderthemes.com/ubold/layouts/creative/crm-leads.html]
[coderthemes.com/ubold/layouts/creative/crm-customers.html]
[coderthemes.com/ubold/layouts/creative/assets/images/small/img-4.jpg]
[coderthemes.com/ubold/layouts/creative/assets/images/small/img-1.jpg]
[coderthemes.com/ubold/layouts/creative/assets/images/small/img-3.jpg]
[coderthemes.com/ubold/layouts/creative/apps-social-feed.html]
[coderthemes.com/ubold/layouts/creative/assets/images/companies/facebook.png]
[coderthemes.com/ubold/layouts/creative/apps-companies.html]
[coderthemes.com/ubold/layouts/creative/project-list.html]
[coderthemes.com/ubold/layouts/creative/assets/js/pages/project-details.init.js]
[coderthemes.com/ubold/layouts/creative/project-detail.html]
[coderthemes.com/ubold/layouts/creative/assets/js/pages/create-project.init.js]
[coderthemes.com/ubold/layouts/creative/project-create.html]
[coderthemes.com/ubold/layouts/creative/assets/libs/quill/quill.bubble.css]
[coderthemes.com/ubold/layouts/creative/assets/libs/dragula/dragula.min.js]
[coderthemes.com/ubold/layouts/creative/assets/js/pages/dragula.init.js]
[coderthemes.com/ubold/layouts/creative/assets/js/pages/task.init.js]
[coderthemes.com/ubold/layouts/creative/task-list.html]
[coderthemes.com/ubold/layouts/creative/task-details.html]
[coderthemes.com/ubold/layouts/creative/assets/libs/sortablejs/Sortable.min.js]
[coderthemes.com/ubold/layouts/creative/assets/js/pages/kanban.init.js]
[coderthemes.com/ubold/layouts/creative/task-kanban-board.html]
[coderthemes.com/ubold/layouts/creative/contacts-list.html]
[coderthemes.com/ubold/layouts/creative/assets/images/small/img-2.jpg]
[coderthemes.com/ubold/layouts/creative/contacts-profile.html]
[coderthemes.com/ubold/layouts/creative/assets/js/pages/tickets.js]
[coderthemes.com/ubold/layouts/creative/tickets-list.html]
[coderthemes.com/ubold/layouts/creative/tickets-detail.html]
[coderthemes.com/ubold/layouts/creative/apps-file-manager.html]
[coderthemes.com/ubold/layouts/creative/ui-buttons.html]
[coderthemes.com/ubold/layouts/creative/assets/images/small/img-5.jpg]
[coderthemes.com/ubold/layouts/creative/assets/images/small/img-6.jpg]
[coderthemes.com/ubold/layouts/creative/assets/images/small/img-7.jpg]
[coderthemes.com/ubold/layouts/creative/ui-cards.html]
[coderthemes.com/ubold/layouts/creative/ui-avatars.html]
[coderthemes.com/ubold/layouts/creative/ui-portlets.html]
[coderthemes.com/ubold/layouts/creative/ui-tabs-accordions.html]
[coderthemes.com/ubold/layouts/creative/ui-modals.html]
[coderthemes.com/ubold/layouts/creative/ui-progress.html]
[coderthemes.com/ubold/layouts/creative/assets/libs/jquery-toast-plugin/jquery.toast.min.css]
[coderthemes.com/ubold/layouts/creative/assets/libs/jquery-toast-plugin/jquery.toast.min.js]
[coderthemes.com/ubold/layouts/creative/assets/js/pages/toastr.init.js]
[coderthemes.com/ubold/layouts/creative/ui-notifications.html]
[coderthemes.com/ubold/layouts/creative/ui-placeholders.html]
[coderthemes.com/ubold/layouts/creative/ui-offcanvas.html]
[coderthemes.com/ubold/layouts/creative/ui-spinners.html]
[coderthemes.com/ubold/layouts/creative/ui-images.html]
[coderthemes.com/ubold/layouts/creative/ui-carousel.html]
[coderthemes.com/ubold/layouts/creative/ui-list-group.html]
[coderthemes.com/ubold/layouts/creative/ui-video.html]
[coderthemes.com/ubold/layouts/creative/ui-dropdowns.html]
[coderthemes.com/ubold/layouts/creative/ui-ribbons.html]
[coderthemes.com/ubold/layouts/creative/ui-tooltips-popovers.html]
[coderthemes.com/ubold/layouts/creative/ui-general.html]
[coderthemes.com/ubold/layouts/creative/ui-typography.html]
[coderthemes.com/ubold/layouts/creative/ui-grid.html]
[coderthemes.com/ubold/layouts/creative/assets/libs/tippy.js/tippy.all.min.js]
[coderthemes.com/ubold/layouts/creative/assets/libs/nestable2/jquery.nestable.min.css]
[coderthemes.com/ubold/layouts/creative/assets/libs/nestable2/jquery.nestable.min.js]
[coderthemes.com/ubold/layouts/creative/assets/js/pages/nestable.init.js]
[coderthemes.com/ubold/layouts/creative/extended-nestable.html]
[coderthemes.com/ubold/layouts/creative/assets/libs/ion-rangeslider/css/ion.rangeSlider.min.css]
[coderthemes.com/ubold/layouts/creative/assets/libs/ion-rangeslider/js/ion.rangeSlider.min.js]
[coderthemes.com/ubold/layouts/creative/assets/js/pages/range-sliders.init.js]
[coderthemes.com/ubold/layouts/creative/extended-range-slider.html]
[coderthemes.com/ubold/layouts/creative/extended-dragula.html]
[coderthemes.com/ubold/layouts/creative/assets/libs/animate.css/animate.min.css]
[coderthemes.com/ubold/layouts/creative/assets/libs/animate.css/animate.compat.css]
[coderthemes.com/ubold/layouts/creative/assets/images/macbook.png]
[coderthemes.com/ubold/layouts/creative/assets/js/pages/animation.init.js]
[coderthemes.com/ubold/layouts/creative/extended-animation.html]
[coderthemes.com/ubold/layouts/creative/assets/libs/sweetalert2/sweetalert2.min.css]
[coderthemes.com/ubold/layouts/creative/assets/libs/sweetalert2/sweetalert2.all.min.js]
[coderthemes.com/ubold/layouts/creative/assets/js/pages/sweet-alerts.init.js]
[coderthemes.com/ubold/layouts/creative/extended-sweet-alert.html]
[coderthemes.com/ubold/layouts/creative/assets/libs/hopscotch/css/hopscotch.min.css]
[coderthemes.com/ubold/layouts/creative/assets/libs/hopscotch/js/hopscotch.min.js]
[coderthemes.com/ubold/layouts/creative/assets/js/pages/tour.init.js]
[coderthemes.com/ubold/layouts/creative/extended-tour.html]
[coderthemes.com/ubold/layouts/creative/extended-scrollspy.html]
[coderthemes.com/ubold/layouts/creative/assets/libs/ladda/ladda.min.css]
[coderthemes.com/ubold/layouts/creative/assets/libs/ladda/ladda-themeless.min.css]
[coderthemes.com/ubold/layouts/creative/assets/libs/ladda/spin.min.js]
[coderthemes.com/ubold/layouts/creative/assets/libs/ladda/ladda.min.js]
[coderthemes.com/ubold/layouts/creative/assets/js/pages/loading-btn.init.js]
[coderthemes.com/ubold/layouts/creative/extended-loading-buttons.html]
[coderthemes.com/ubold/layouts/creative/assets/libs/peity/jquery.peity.min.js]
[coderthemes.com/ubold/layouts/creative/assets/libs/jquery-knob/jquery.knob.min.js]
[coderthemes.com/ubold/layouts/creative/assets/libs/sweetalert2/sweetalert2.min.js]
[coderthemes.com/ubold/layouts/creative/assets/js/pages/widgets.init.js]
[coderthemes.com/ubold/layouts/creative/widgets.html]
[coderthemes.com/ubold/layouts/creative/forms-elements.html]
[coderthemes.com/ubold/layouts/creative/assets/libs/mohithg-switchery/switchery.min.css]
[coderthemes.com/ubold/layouts/creative/assets/libs/multiselect/css/multi-select.css]
[coderthemes.com/ubold/layouts/creative/assets/libs/bootstrap-touchspin/jquery.bootstrap-touchspin.min.css]
[coderthemes.com/ubold/layouts/creative/assets/libs/mohithg-switchery/switchery.min.js]
[coderthemes.com/ubold/layouts/creative/assets/libs/multiselect/js/jquery.multi-select.js]
[coderthemes.com/ubold/layouts/creative/assets/libs/jquery-mockjax/jquery.mockjax.min.js]
[coderthemes.com/ubold/layouts/creative/assets/libs/devbridge-autocomplete/jquery.autocomplete.min.js]
[coderthemes.com/ubold/layouts/creative/assets/libs/bootstrap-touchspin/jquery.bootstrap-touchspin.min.js]
[coderthemes.com/ubold/layouts/creative/assets/libs/bootstrap-maxlength/bootstrap-maxlength.min.js]
[coderthemes.com/ubold/layouts/creative/assets/js/pages/form-advanced.init.js]
[coderthemes.com/ubold/layouts/creative/forms-advanced.html]
[coderthemes.com/ubold/layouts/creative/assets/libs/parsleyjs/parsley.min.js]
[coderthemes.com/ubold/layouts/creative/assets/js/pages/form-validation.init.js]
[coderthemes.com/ubold/layouts/creative/forms-validation.html]
[coderthemes.com/ubold/layouts/creative/assets/libs/spectrum-colorpicker2/spectrum.min.css]
[coderthemes.com/ubold/layouts/creative/assets/libs/clockpicker/bootstrap-clockpicker.min.css]
[coderthemes.com/ubold/layouts/creative/assets/libs/bootstrap-datepicker/css/bootstrap-datepicker.min.css]
[coderthemes.com/ubold/layouts/creative/assets/libs/spectrum-colorpicker2/spectrum.min.js]
[coderthemes.com/ubold/layouts/creative/assets/libs/clockpicker/bootstrap-clockpicker.min.js]
[coderthemes.com/ubold/layouts/creative/assets/libs/bootstrap-datepicker/js/bootstrap-datepicker.min.js]
[coderthemes.com/ubold/layouts/creative/assets/js/pages/form-pickers.init.js]
[coderthemes.com/ubold/layouts/creative/forms-pickers.html]
[coderthemes.com/ubold/layouts/creative/assets/libs/twitter-bootstrap-wizard/jquery.bootstrap.wizard.min.js]
[coderthemes.com/ubold/layouts/creative/assets/js/pages/form-wizard.init.js]
[coderthemes.com/ubold/layouts/creative/forms-wizard.html]
[coderthemes.com/ubold/layouts/creative/assets/libs/jquery-mask-plugin/jquery.mask.min.js]
[coderthemes.com/ubold/layouts/creative/assets/js/pages/form-masks.init.js]
[coderthemes.com/ubold/layouts/creative/forms-masks.html]
[coderthemes.com/ubold/layouts/creative/assets/js/pages/form-quilljs.init.js]
[coderthemes.com/ubold/layouts/creative/forms-quilljs.html]
[coderthemes.com/ubold/layouts/creative/assets/libs/autonumeric/autoNumeric.min.js]
[coderthemes.com/ubold/layouts/creative/assets/libs/dropify/css/dropify.min.css]
[coderthemes.com/ubold/layouts/creative/assets/libs/dropify/js/dropify.min.js]
[coderthemes.com/ubold/layouts/creative/forms-file-uploads.html]
[coderthemes.com/ubold/layouts/creative/assets/libs/x-editable/bootstrap-editable/css/bootstrap-editable.css]
[coderthemes.com/ubold/layouts/creative/assets/libs/x-editable/bootstrap-editable/js/bootstrap-editable.min.js]
[coderthemes.com/ubold/layouts/creative/assets/js/pages/form-xeditable.init.js]
[coderthemes.com/ubold/layouts/creative/forms-x-editable.html]
[coderthemes.com/ubold/layouts/creative/assets/libs/cropper/cropper.min.css]
[coderthemes.com/ubold/layouts/creative/assets/libs/cropper/cropper.min.js]
[coderthemes.com/ubold/layouts/creative/assets/js/pages/form-imagecrop.init.js]
[coderthemes.com/ubold/layouts/creative/forms-image-crop.html]
[apexcharts.com/samples/assets/irregular-data-series.js]
[coderthemes.com/ubold/layouts/creative/assets/js/pages/apexcharts.init.js]
[coderthemes.com/ubold/layouts/creative/charts-apex.html]
[coderthemes.com/ubold/layouts/creative/assets/libs/flot-charts/jquery.flot.js]
[coderthemes.com/ubold/layouts/creative/assets/libs/flot-charts/jquery.flot.time.js]
[coderthemes.com/ubold/layouts/creative/assets/libs/jquery.flot.tooltip/js/jquery.flot.tooltip.min.js]
[coderthemes.com/ubold/layouts/creative/assets/libs/flot-charts/jquery.flot.resize.js]
[coderthemes.com/ubold/layouts/creative/assets/libs/flot-charts/jquery.flot.pie.js]
[coderthemes.com/ubold/layouts/creative/assets/libs/flot-charts/jquery.flot.selection.js]
[coderthemes.com/ubold/layouts/creative/assets/libs/flot-charts/jquery.flot.stack.js]
[coderthemes.com/ubold/layouts/creative/assets/libs/flot-orderbars/js/jquery.flot.orderBars.js]
[coderthemes.com/ubold/layouts/creative/assets/libs/flot-charts/jquery.flot.crosshair.js]
[coderthemes.com/ubold/layouts/creative/assets/js/pages/flot.init.js]
[coderthemes.com/ubold/layouts/creative/charts-flot.html]
[coderthemes.com/ubold/layouts/creative/assets/js/pages/morris.init.js]
[coderthemes.com/ubold/layouts/creative/charts-morris.html]
[coderthemes.com/ubold/layouts/creative/assets/js/pages/chartjs.init.js]
[coderthemes.com/ubold/layouts/creative/charts-chartjs.html]
[coderthemes.com/ubold/layouts/creative/assets/js/pages/peity.init.js]
[coderthemes.com/ubold/layouts/creative/charts-peity.html]
[coderthemes.com/ubold/layouts/creative/assets/libs/chartist/chartist.min.css]
[coderthemes.com/ubold/layouts/creative/assets/libs/chartist/chartist.min.js]
[coderthemes.com/ubold/layouts/creative/assets/libs/chartist-plugin-tooltips/chartist-plugin-tooltip.min.js]
[coderthemes.com/ubold/layouts/creative/assets/js/pages/chartist.init.js]
[coderthemes.com/ubold/layouts/creative/charts-chartist.html]
[coderthemes.com/ubold/layouts/creative/assets/libs/c3/c3.min.css]
[coderthemes.com/ubold/layouts/creative/assets/libs/d3/d3.min.js]
[coderthemes.com/ubold/layouts/creative/assets/libs/c3/c3.min.js]
[coderthemes.com/ubold/layouts/creative/assets/js/pages/c3.init.js]
[coderthemes.com/ubold/layouts/creative/charts-c3.html]
[coderthemes.com/ubold/layouts/creative/assets/js/pages/sparkline.init.js]
[coderthemes.com/ubold/layouts/creative/charts-sparklines.html]
[coderthemes.com/ubold/layouts/creative/charts-knob.html]
[coderthemes.com/ubold/layouts/creative/tables-basic.html]
[coderthemes.com/ubold/layouts/creative/assets/libs/datatables.net-buttons-bs5/css/buttons.bootstrap5.min.css]
[coderthemes.com/ubold/layouts/creative/assets/libs/datatables.net-select-bs5/css/select.bootstrap5.min.css]
[coderthemes.com/ubold/layouts/creative/assets/libs/datatables.net-buttons/js/dataTables.buttons.min.js]
[coderthemes.com/ubold/layouts/creative/assets/libs/datatables.net-buttons-bs5/js/buttons.bootstrap5.min.js]
[coderthemes.com/ubold/layouts/creative/assets/libs/datatables.net-buttons/js/buttons.html5.min.js]
[coderthemes.com/ubold/layouts/creative/assets/libs/datatables.net-buttons/js/buttons.flash.min.js]
[coderthemes.com/ubold/layouts/creative/assets/libs/datatables.net-buttons/js/buttons.print.min.js]
[coderthemes.com/ubold/layouts/creative/assets/libs/datatables.net-keytable/js/dataTables.keyTable.min.js]
[coderthemes.com/ubold/layouts/creative/assets/libs/datatables.net-select/js/dataTables.select.min.js]
[coderthemes.com/ubold/layouts/creative/assets/js/pages/datatables.init.js]
[coderthemes.com/ubold/layouts/creative/tables-datatables.html]
[coderthemes.com/ubold/layouts/creative/assets/libs/jquery-tabledit/jquery.tabledit.min.js]
[coderthemes.com/ubold/layouts/creative/assets/js/pages/tabledit.init.js]
[coderthemes.com/ubold/layouts/creative/tables-editable.html]
[coderthemes.com/ubold/layouts/creative/assets/libs/admin-resources/rwd-table/rwd-table.min.css]
[coderthemes.com/ubold/layouts/creative/assets/libs/pdfmake/build/pdfmake.min.js]
[coderthemes.com/ubold/layouts/creative/assets/libs/admin-resources/rwd-table/rwd-table.min.js]
[coderthemes.com/ubold/layouts/creative/assets/js/pages/responsive-table.init.js]
[coderthemes.com/ubold/layouts/creative/tables-responsive.html]
[coderthemes.com/ubold/layouts/creative/assets/libs/footable/footable.all.min.js]
[coderthemes.com/ubold/layouts/creative/assets/js/pages/foo-tables.init.js]
[coderthemes.com/ubold/layouts/creative/tables-footables.html]
[coderthemes.com/ubold/layouts/creative/assets/libs/bootstrap-table/bootstrap-table.min.css]
[coderthemes.com/ubold/layouts/creative/assets/libs/bootstrap-table/bootstrap-table.min.js]
[coderthemes.com/ubold/layouts/creative/assets/js/pages/bootstrap-tables.init.js]
[coderthemes.com/ubold/layouts/creative/tables-bootstrap.html]
[coderthemes.com/ubold/layouts/creative/assets/libs/pdfmake/build/vfs_fonts.js]
[coderthemes.com/ubold/layouts/creative/assets/libs/tablesaw/tablesaw.css]
[coderthemes.com/ubold/layouts/creative/assets/libs/tablesaw/tablesaw.js]
[coderthemes.com/ubold/layouts/creative/assets/js/pages/tablesaw.init.js]
[coderthemes.com/ubold/layouts/creative/tables-tablesaw.html]
[coderthemes.com/ubold/layouts/creative/assets/libs/jsgrid/jsgrid.min.css]
[coderthemes.com/ubold/layouts/creative/assets/libs/jsgrid/jsgrid-theme.min.css]
[coderthemes.com/ubold/layouts/creative/assets/libs/jsgrid/jsgrid.min.js]
[coderthemes.com/ubold/layouts/creative/assets/js/pages/jsgrid.init.js]
[coderthemes.com/ubold/layouts/creative/tables-jsgrid.html]
[coderthemes.com/ubold/layouts/creative/icons-material-symbols.html]
[coderthemes.com/ubold/layouts/creative/icons-two-tone.html]
[coderthemes.com/ubold/layouts/creative/icons-feather.html]
[coderthemes.com/ubold/layouts/creative/assets/js/pages/material-symbols.init.js]
[coderthemes.com/ubold/layouts/creative/icons-mdi.html]
[coderthemes.com/ubold/layouts/creative/icons-dripicons.html]
[coderthemes.com/ubold/layouts/creative/icons-font-awesome.html]
[coderthemes.com/ubold/layouts/creative/icons-themify.html]
[coderthemes.com/ubold/layouts/creative/icons-simple-line.html]
[coderthemes.com/ubold/layouts/creative/icons-weather.html]
[coderthemes.com/ubold/layouts/creative/assets/js/pages/materialdesign.init.js]
[coderthemes.com/ubold/layouts/creative/assets/js/pages/fontawesome.init.js]
[coderthemes.com/ubold/layouts/creative/assets/libs/gmaps/gmaps.min.js]
[coderthemes.com/ubold/layouts/creative/assets/js/pages/google-maps.init.js]
[coderthemes.com/ubold/layouts/creative/maps-google.html]
[coderthemes.com/ubold/layouts/creative/assets/libs/admin-resources/jquery.vectormap/maps/jquery-jvectormap-us-merc-en.js]
[coderthemes.com/ubold/layouts/creative/assets/libs/admin-resources/jquery.vectormap/maps/jquery-jvectormap-au-mill-en.js]
[coderthemes.com/ubold/layouts/creative/assets/libs/admin-resources/jquery.vectormap/maps/jquery-jvectormap-in-mill-en.js]
[coderthemes.com/ubold/layouts/creative/assets/libs/admin-resources/jquery.vectormap/maps/jquery-jvectormap-us-il-chicago-mill-en.js]
[coderthemes.com/ubold/layouts/creative/assets/libs/admin-resources/jquery.vectormap/maps/jquery-jvectormap-uk-mill-en.js]
[coderthemes.com/ubold/layouts/creative/assets/libs/admin-resources/jquery.vectormap/maps/jquery-jvectormap-ca-lcc-en.js]
[coderthemes.com/ubold/layouts/creative/assets/libs/admin-resources/jquery.vectormap/maps/jquery-jvectormap-europe-mill-en.js]
[coderthemes.com/ubold/layouts/creative/assets/libs/admin-resources/jquery.vectormap/maps/jquery-jvectormap-fr-merc-en.js]
[coderthemes.com/ubold/layouts/creative/assets/libs/admin-resources/jquery.vectormap/maps/jquery-jvectormap-es-merc.js]
[coderthemes.com/ubold/layouts/creative/assets/libs/admin-resources/jquery.vectormap/maps/jquery-jvectormap-es-mill.js]
[coderthemes.com/ubold/layouts/creative/assets/js/pages/vector-maps.init.js]
[coderthemes.com/ubold/layouts/creative/maps-vector.html]
[coderthemes.com/ubold/layouts/creative/assets/libs/jquery-mapael/js/jquery.mapael.min.js]
[coderthemes.com/ubold/layouts/creative/assets/libs/jquery-mapael/js/maps/world_countries.min.js]
[coderthemes.com/ubold/layouts/creative/assets/libs/jquery-mapael/js/maps/usa_states.min.js]
[coderthemes.com/ubold/layouts/creative/assets/js/pages/mapeal-maps.init.js]
[coderthemes.com/ubold/layouts/creative/maps-mapael.html]
[coderthemes.com/ubold/layouts/creative/auth-login.html]
[coderthemes.com/ubold/layouts/creative/auth-register.html]
[coderthemes.com/ubold/layouts/creative/auth-signin-signup.html]
[coderthemes.com/ubold/layouts/creative/auth-recoverpw.html]
[coderthemes.com/ubold/layouts/creative/auth-lock-screen.html]
[coderthemes.com/ubold/layouts/creative/auth-logout.html]
[coderthemes.com/ubold/layouts/creative/auth-confirm-mail.html]
[coderthemes.com/ubold/layouts/creative/auth-login-2.html]
[coderthemes.com/ubold/layouts/creative/auth-register-2.html]
[coderthemes.com/ubold/layouts/creative/auth-signin-signup-2.html]
[coderthemes.com/ubold/layouts/creative/auth-recoverpw-2.html]
[coderthemes.com/ubold/layouts/creative/auth-lock-screen-2.html]
[coderthemes.com/ubold/layouts/creative/auth-logout-2.html]
[coderthemes.com/ubold/layouts/creative/auth-confirm-mail-2.html]
[coderthemes.com/ubold/layouts/creative/pages-404.html]
[coderthemes.com/ubold/layouts/creative/pages-404-two.html]
[coderthemes.com/ubold/layouts/creative/pages-404-alt.html]
[coderthemes.com/ubold/layouts/creative/pages-500.html]
[coderthemes.com/ubold/layouts/creative/pages-500-two.html]
[coderthemes.com/ubold/layouts/creative/pages-starter.html]
[coderthemes.com/ubold/layouts/creative/pages-timeline.html]
[coderthemes.com/ubold/layouts/creative/pages-sitemap.html]
[coderthemes.com/ubold/layouts/creative/pages-invoice.html]
[coderthemes.com/ubold/layouts/creative/pages-faqs.html]
[coderthemes.com/ubold/layouts/creative/pages-search-results.html]
[coderthemes.com/ubold/layouts/creative/pages-pricing.html]
[coderthemes.com/ubold/layouts/creative/pages-maintenance.html]
[coderthemes.com/ubold/layouts/creative/assets/libs/jquery-countdown/jquery.countdown.min.js]
[coderthemes.com/ubold/layouts/creative/assets/js/pages/coming-soon.init.js]
[coderthemes.com/ubold/layouts/creative/pages-coming-soon.html]
[coderthemes.com/ubold/layouts/creative/assets/libs/magnific-popup/magnific-popup.css]
[coderthemes.com/ubold/layouts/creative/assets/libs/magnific-popup/jquery.magnific-popup.min.js]
[coderthemes.com/ubold/layouts/creative/assets/js/pages/gallery.init.js]
[coderthemes.com/ubold/layouts/creative/pages-gallery.html]
[coderthemes.com/ubold/layouts/creative/layouts-vertical.html]
[coderthemes.com/ubold/layouts/creative/layouts-detached.html]
[coderthemes.com/ubold/layouts/creative/assets/images/logo-sm-light.png]
[coderthemes.com/ubold/layouts/creative/layouts-two-column.html]
[coderthemes.com/ubold/layouts/creative/layouts-two-tone-icons.html]
[coderthemes.com/ubold/layouts/creative/layouts-preloader.html]
[coderthemes.com/ubold/layouts/creative/assets/fonts/fa-brands-400.svg]
[coderthemes.com/ubold/layouts/creative/assets/fonts/fa-regular-400.svg]
[coderthemes.com/ubold/layouts/creative/assets/fonts/fa-solid-900.svg]
[coderthemes.com/ubold/layouts/creative/assets/fonts/simple-Line-Icons4c82.svg]
[coderthemes.com/ubold/layouts/creative/assets/fonts/weathericons-regular-webfont.svg]
[coderthemes.com/ubold/layouts/creative/assets/libs/flatpickr/flatpickr.min.css]
[coderthemes.com/ubold/layouts/creative/assets/libs/selectize/css/selectize.bootstrap3.css]
[coderthemes.com/ubold/layouts/creative/assets/libs/fullcalendar/main.min.css]
[coderthemes.com/ubold/layouts/creative/assets/libs/select2/css/select2.min.css]
[coderthemes.com/ubold/layouts/creative/assets/libs/dropzone/min/dropzone.min.css]
[coderthemes.com/ubold/layouts/creative/assets/libs/quill/quill.core.css]
[coderthemes.com/ubold/layouts/creative/assets/libs/quill/quill.snow.css]
[coderthemes.com/ubold/layouts/creative/assets/libs/datatables.net-bs5/css/dataTables.bootstrap5.min.css]
[coderthemes.com/ubold/layouts/creative/assets/libs/datatables.net-responsive-bs5/css/responsive.bootstrap5.min.css]
[coderthemes.com/ubold/layouts/creative/email-templates-action.html]
[coderthemes.com/ubold/layouts/creative/email-templates-alert.html]
[coderthemes.com/ubold/layouts/creative/email-templates-billing.html]
[coderthemes.com/ubold/layouts/creative/assets/libs/quill/quill.bubble.css]
[coderthemes.com/ubold/layouts/creative/extras-profile.html]
[coderthemes.com/ubold/layouts/creative/assets/libs/jquery-toast-plugin/jquery.toast.min.css]
[coderthemes.com/ubold/layouts/creative/assets/libs/nestable2/jquery.nestable.min.css]
[coderthemes.com/ubold/layouts/creative/assets/libs/ion-rangeslider/css/ion.rangeSlider.min.css]
[coderthemes.com/ubold/layouts/creative/assets/libs/animate.css/animate.min.css]
[coderthemes.com/ubold/layouts/creative/assets/libs/animate.css/animate.compat.css]
[coderthemes.com/ubold/layouts/creative/assets/libs/sweetalert2/sweetalert2.min.css]
[coderthemes.com/ubold/layouts/creative/assets/libs/hopscotch/img/sprite-green.png]
[coderthemes.com/ubold/layouts/creative/assets/libs/hopscotch/css/hopscotch.min.css]
[coderthemes.com/ubold/layouts/creative/assets/libs/ladda/ladda.min.css]
[coderthemes.com/ubold/layouts/creative/assets/libs/ladda/ladda-themeless.min.css]
[coderthemes.com/ubold/layouts/creative/assets/libs/mohithg-switchery/switchery.min.css]
[coderthemes.com/ubold/layouts/creative/assets/libs/multiselect/img/switch.png]
[coderthemes.com/ubold/layouts/creative/assets/libs/multiselect/css/multi-select.css]
[coderthemes.com/ubold/layouts/creative/assets/libs/bootstrap-touchspin/jquery.bootstrap-touchspin.min.css]
[coderthemes.com/ubold/layouts/creative/assets/libs/spectrum-colorpicker2/spectrum.min.css]
[coderthemes.com/ubold/layouts/creative/assets/libs/clockpicker/bootstrap-clockpicker.min.css]
[coderthemes.com/ubold/layouts/creative/assets/libs/bootstrap-datepicker/css/bootstrap-datepicker.min.css]
[coderthemes.com/ubold/layouts/creative/assets/libs/dropify/fonts/dropify.eot]
[coderthemes.com/ubold/layouts/creative/assets/libs/dropify/fonts/dropify.woff]
[coderthemes.com/ubold/layouts/creative/assets/libs/dropify/fonts/dropify.ttf]
[coderthemes.com/ubold/layouts/creative/assets/libs/dropify/css/dropify.min.css]
[coderthemes.com/ubold/layouts/creative/assets/libs/x-editable/bootstrap-editable/img/loading.gif]
[coderthemes.com/ubold/layouts/creative/assets/libs/x-editable/bootstrap-editable/img/clear.png]
[coderthemes.com/ubold/layouts/creative/assets/libs/x-editable/bootstrap-editable/css/bootstrap-editable.css]
[coderthemes.com/ubold/layouts/creative/assets/libs/cropper/cropper.min.css]
[coderthemes.com/ubold/layouts/creative/cropped.html]
[coderthemes.com/ubold/layouts/creative/assets/libs/chartist/chartist.min.css]
[coderthemes.com/ubold/layouts/creative/assets/libs/c3/c3.min.css]
[coderthemes.com/ubold/layouts/creative/assets/libs/datatables.net-buttons-bs5/css/buttons.bootstrap5.min.css]
[coderthemes.com/ubold/layouts/creative/assets/libs/datatables.net-select-bs5/css/select.bootstrap5.min.css]
[coderthemes.com/ubold/layouts/creative/assets/libs/admin-resources/rwd-table/rwd-table.min.css]
[coderthemes.com/ubold/layouts/creative/assets/libs/bootstrap-table/bootstrap-table.min.css]
[coderthemes.com/ubold/layouts/creative/assets/libs/tablesaw/tablesaw.css]
[coderthemes.com/ubold/layouts/creative/assets/libs/jsgrid/jsgrid.min.css]
[coderthemes.com/ubold/layouts/creative/assets/libs/jsgrid/jsgrid-theme.min.css]
[coderthemes.com/ubold/layouts/creative/assets/libs/magnific-popup/magnific-popup.css]
[coderthemes.com/ubold/layouts/creative/layouts-horizontal.html]
[coderthemes.com/ubold/layouts/creative/assets/libs/dropify/fonts/dropify.svg]
